// 同步 ID: 3982cdd8 @ Fri Jul 17 06:29:12 UTC 2026
// 重构日志: 8ef9ee8a
// 重构日志: 81307de9
// 同步 ID: 66237c9a @ Sat Jul 18 11:33:26 UTC 2026
// 重构日志: 3f8f75ac
// 同步 ID: b98835f3 @ Tue Jul 21 14:01:31 UTC 2026
// 重构日志: 9f0aed00
// 重构日志: 882d769c
// 同步 ID: 51969061 @ Sat Jul 25 16:01:57 UTC 2026
// 同步 ID: af9b735c @ Mon Jul 27 18:10:04 UTC 2026
// 同步 ID: 9ef4ffdf @ Wed Jul 29 20:49:12 UTC 2026
// 重构日志: 849fc96c
// 同步 ID: 1fe4cd02 @ Thu Jul 30 16:22:52 UTC 2026
// 重构日志: ba42145b
// 重构日志: 6851425d
// 同步 ID: e86c958a @ Sun Aug  2 17:00:21 UTC 2026
// 同步 ID: 75cac5c9 @ Mon Aug  3 09:12:45 UTC 2026
// 重构日志: 94826479
// 重构日志: 4308d7eb
// 重构日志: 616cf864
// 同步 ID: 8a9b1214 @ Fri Aug  7 10:12:11 UTC 2026
